------------------------------------------------------------
TimeQuest Timing Analyzer Summary
------------------------------------------------------------

Type  : Slow Model Setup 'key5:key5_a|keyclk'
Slack : -3.520
TNS   : -3.520

Type  : Slow Model Setup 'KEYA'
Slack : -0.015
TNS   : -0.026

Type  : Slow Model Setup 'pll_a|altpll_component|pll|clk[0]'
Slack : 1.357
TNS   : 0.000

Type  : Slow Model Setup 'F50M_CLK'
Slack : 2.835
TNS   : 0.000

Type  : Slow Model Hold 'F50M_CLK'
Slack : -2.601
TNS   : -2.601

Type  : Slow Model Hold 'KEYA'
Slack : -1.258
TNS   : -1.258

Type  : Slow Model Hold 'pll_a|altpll_component|pll|clk[0]'
Slack : 1.158
TNS   : 0.000

Type  : Slow Model Hold 'key5:key5_a|keyclk'
Slack : 4.254
TNS   : 0.000

Type  : Slow Model Minimum Pulse Width 'KEYA'
Slack : -1.777
TNS   : -4.745

Type  : Slow Model Minimum Pulse Width 'key5:key5_a|keyclk'
Slack : -0.742
TNS   : -1.484

Type  : Slow Model Minimum Pulse Width 'pll_a|altpll_component|pll|clk[0]'
Slack : 2.091
TNS   : 0.000

Type  : Slow Model Minimum Pulse Width 'F50M_CLK'
Slack : 8.758
TNS   : 0.000

Type  : Fast Model Setup 'key5:key5_a|keyclk'
Slack : -1.187
TNS   : -1.187

Type  : Fast Model Setup 'KEYA'
Slack : 0.640
TNS   : 0.000

Type  : Fast Model Setup 'F50M_CLK'
Slack : 1.788
TNS   : 0.000

Type  : Fast Model Setup 'pll_a|altpll_component|pll|clk[0]'
Slack : 4.736
TNS   : 0.000

Type  : Fast Model Hold 'F50M_CLK'
Slack : -1.408
TNS   : -1.408

Type  : Fast Model Hold 'KEYA'
Slack : -0.622
TNS   : -0.622

Type  : Fast Model Hold 'pll_a|altpll_component|pll|clk[0]'
Slack : 0.353
TNS   : 0.000

Type  : Fast Model Hold 'key5:key5_a|keyclk'
Slack : 2.067
TNS   : 0.000

Type  : Fast Model Minimum Pulse Width 'KEYA'
Slack : -1.222
TNS   : -3.222

Type  : Fast Model Minimum Pulse Width 'key5:key5_a|keyclk'
Slack : -0.500
TNS   : -1.000

Type  : Fast Model Minimum Pulse Width 'pll_a|altpll_component|pll|clk[0]'
Slack : 2.333
TNS   : 0.000

Type  : Fast Model Minimum Pulse Width 'F50M_CLK'
Slack : 9.000
TNS   : 0.000

------------------------------------------------------------
