--------------------------------------------------------------------------------------
Timing Analyzer Summary
--------------------------------------------------------------------------------------

Type           : Worst-case tsu
Slack          : N/A
Required Time  : None
Actual Time    : 3.125 ns
From           : KEYA
To             : key5:key5_a|next_s
From Clock     : --
To Clock       : KEYA
Failed Paths   : 0

Type           : Worst-case tco
Slack          : N/A
Required Time  : None
Actual Time    : 22.594 ns
From           : LL[6]
To             : VGA_R
From Clock     : CLK
To Clock       : --
Failed Paths   : 0

Type           : Worst-case tpd
Slack          : N/A
Required Time  : None
Actual Time    : 12.672 ns
From           : KEYA
To             : VGA_R
From Clock     : --
To Clock       : --
Failed Paths   : 0

Type           : Worst-case th
Slack          : N/A
Required Time  : None
Actual Time    : 0.773 ns
From           : KEYA
To             : key5:key5_a|next_s
From Clock     : --
To Clock       : CLK
Failed Paths   : 0

Type           : Clock Setup: 'CLK'
Slack          : N/A
Required Time  : None
Actual Time    : 102.54 MHz ( period = 9.752 ns )
From           : key5:key5_a|next_s
To             : key5:key5_a|pre_s
From Clock     : CLK
To Clock       : CLK
Failed Paths   : 0

Type           : Clock Setup: 'KEYA'
Slack          : N/A
Required Time  : None
Actual Time    : Restricted to 360.10 MHz ( period = 2.777 ns )
From           : MMD[0]
To             : MMD[1]
From Clock     : KEYA
To Clock       : KEYA
Failed Paths   : 0

Type           : Clock Hold: 'CLK'
Slack          : Not operational: Clock Skew > Data Delay
Required Time  : None
Actual Time    : N/A
From           : key5:key5_a|pre_s
To             : key5:key5_a|next_s
From Clock     : CLK
To Clock       : CLK
Failed Paths   : 1

Type           : Total number of failed paths
Slack          : 
Required Time  : 
Actual Time    : 
From           : 
To             : 
From Clock     : 
To Clock       : 
Failed Paths   : 1

--------------------------------------------------------------------------------------

